10
5 0.0 -2.0 -6.4 10.4 7.2 
3 3.5 -1.0 7.0 
6 -1.5 -6.0 1.1 2.2 -3.1 -6.4 
7 0.7 7.6 3.7 3.0 -1.0 0.0 -7.0 
5 4.5 2.8 -5.7 -4.0 8.2 
6 7.8 0.0 -2.6 0.0 -2.8 7.5 
1 1.0 
2 0.0 -0.1 
7 10.2 0.0 4.0 0.0 0.0 7.2 -7.2 
5 1.2 0.0 7.8 0.0 2.0 
